type test_unit = unit[@@deriving irmin]
let test_unit_t = Irmin.Type.unit
type test_bool = bool[@@deriving irmin]
let test_bool_t = Irmin.Type.bool
type test_char = char[@@deriving irmin]
let test_char_t = Irmin.Type.char
type test_int32 = int32[@@deriving irmin]
let test_int32_t = Irmin.Type.int32
type test_int64 = int64[@@deriving irmin]
let test_int64_t = Irmin.Type.int64
type test_float = float[@@deriving irmin]
let test_float_t = Irmin.Type.float
type test_string = string[@@deriving irmin]
let test_string_t = Irmin.Type.string
