type 'a typ = 'a Irmin_type.Type.t
module Simple =
  struct
    let (_ : (int * string) list typ) =
      Irmin_type.Type.list
        (Irmin_type.Type.pair Irmin_type.Type.int Irmin_type.Type.string)
  end
module Alias =
  struct type t = unit
         let t = Irmin_type.Type.unit
         let (_ : unit typ) = t end
module Sum =
  struct
    let (_ : [ `Foo  | `Bar of string ] typ) =
      Irmin_type.Type.sealv
        (Irmin_type.Type.(|~)
           (Irmin_type.Type.(|~)
              (Irmin_type.Type.variant "t"
                 (fun foo ->
                    fun bar -> function | `Foo -> foo | `Bar x1 -> bar x1))
              (Irmin_type.Type.case0 "Foo" `Foo))
           (Irmin_type.Type.case1 "Bar" Irmin_type.Type.string
              (fun x1 -> `Bar x1)))
  end
module Params =
  struct
    let __ : type a. a typ -> a list typ = fun a -> Irmin_type.Type.list a
    let __ : type a b. a typ -> b typ -> (a * b * a) typ =
      fun a -> fun _x__001_ -> Irmin_type.Type.triple a _x__001_ a
    let __ : type a b. a typ -> b typ -> (a, b) result typ =
      fun _x__002_ ->
        fun _x__003_ -> Irmin_type.Type.result _x__002_ _x__003_
  end
module Namespace = struct let (_ : string typ) = Irmin_type.Type.string end
