module Json = struct type t = string
                     let t = Irmin_type.Type.string end
type foo = {
  contents: Json.t }[@@deriving irmin]
include
  struct
    let foo_t =
      Irmin_type.Type.sealr
        (Irmin_type.Type.(|+)
           (Irmin_type.Type.record "foo" (fun contents -> { contents }))
           (Irmin_type.Type.field "contents" Json.t (fun t -> t.contents)))
  end[@@ocaml.doc "@inline"][@@merlin.hide ]
let (_ : foo Irmin_type.Type.t) = foo_t
