type t = unit[@@deriving irmin]
include struct let t = Irmin.Type.unit end[@@ocaml.doc "@inline"][@@merlin.hide
                                                                   ]
type t_alias = unit[@@deriving irmin]
include struct let t_alias_t = Irmin.Type.unit end[@@ocaml.doc "@inline"]
[@@merlin.hide ]
module S1 :
  sig
    type nonrec t = t list[@@deriving irmin]
    include sig val t : t Irmin.Type.t end[@@ocaml.doc "@inline"][@@merlin.hide
                                                                   ]
    type nonrec t_alias = t_alias list[@@deriving irmin]
    include sig val t_alias_t : t_alias Irmin.Type.t end[@@ocaml.doc
                                                          "@inline"][@@merlin.hide
                                                                    ]
  end =
  struct
    type nonrec t = t list[@@deriving irmin]
    include struct let t = let open Irmin.Type in list t end[@@ocaml.doc
                                                              "@inline"]
    [@@merlin.hide ]
    type nonrec t_alias = t_alias list[@@deriving irmin]
    include struct let t_alias_t = let open Irmin.Type in list t_alias_t end
    [@@ocaml.doc "@inline"][@@merlin.hide ]
  end 
module S2 :
  sig
    type nonrec t = t list[@@deriving irmin { name = "t_generic" }]
    include sig val t_generic : t Irmin.Type.t end[@@ocaml.doc "@inline"]
    [@@merlin.hide ]
    type nonrec t_alias = t_alias list[@@deriving
                                        irmin { name = "t_generic" }]
    include sig val t_generic : t_alias Irmin.Type.t end[@@ocaml.doc
                                                          "@inline"][@@merlin.hide
                                                                    ]
  end =
  struct
    type nonrec t = t list[@@deriving irmin { name = "t_generic" }]
    include struct let t_generic = let open Irmin.Type in list t end[@@ocaml.doc
                                                                    "@inline"]
    [@@merlin.hide ]
    type nonrec t_alias = t_alias list[@@deriving
                                        irmin { name = "t_generic" }]
    include struct let t_generic = let open Irmin.Type in list t_alias_t end
    [@@ocaml.doc "@inline"][@@merlin.hide ]
  end 
