type deep_tuple =
  ((((int32 * int32) * int32 * int32) * int32 * int32) * int32 * int32)
[@@deriving irmin]
include
  struct
    let deep_tuple_t =
      Irmin_type.Type.triple
        (Irmin_type.Type.triple
           (Irmin_type.Type.triple
              (Irmin_type.Type.pair Irmin_type.Type.int32
                 Irmin_type.Type.int32) Irmin_type.Type.int32
              Irmin_type.Type.int32) Irmin_type.Type.int32
           Irmin_type.Type.int32) Irmin_type.Type.int32 Irmin_type.Type.int32
  end[@@ocaml.doc "@inline"][@@merlin.hide ]
let (_ : deep_tuple Irmin_type.Type.t) = deep_tuple_t
