type deep_tuple =
  ((((int32 * int32) * int32 * int32) * int32 * int32) * int32 * int32)
[@@deriving irmin]
include
  struct
    let deep_tuple_t =
      let open Irmin.Type in
        triple (triple (triple (pair int32 int32) int32 int32) int32 int32)
          int32 int32
  end[@@ocaml.doc "@inline"][@@merlin.hide ]
let (_ : deep_tuple Irmin.Type.t) = deep_tuple_t
