type deep_tuple =
  ((((int32 * int32) * int32 * int32) * int32 * int32) * int32 * int32)
[@@deriving irmin]
include
  struct
    let deep_tuple_t =
      Irmin.Type.triple
        (Irmin.Type.triple
           (Irmin.Type.triple
              (Irmin.Type.pair Irmin.Type.int32 Irmin.Type.int32)
              Irmin.Type.int32 Irmin.Type.int32) Irmin.Type.int32
           Irmin.Type.int32) Irmin.Type.int32 Irmin.Type.int32
  end[@@ocaml.doc "@inline"][@@merlin.hide ]
let (_ : deep_tuple Irmin.Type.t) = deep_tuple_t
